<?xml version="1.0" encoding="utf-8"?><testsuites name="pytest tests"><testsuite name="pytest" errors="0" failures="0" skipped="0" tests="40" time="0.224" timestamp="2026-06-07T22:31:30.321464+08:00" hostname="LAPTOP-8M4VG0NI"><testcase classname="tests.unit.core.test_process_code.TestProcessCodesIntegrity" name="test_count_exactly_19" time="0.002" /><testcase classname="tests.unit.core.test_process_code.TestProcessCodesIntegrity" name="test_all_keys_are_strings" time="0.000" /><testcase classname="tests.unit.core.test_process_code.TestProcessCodesIntegrity" name="test_all_values_valid_format" time="0.000" /><testcase classname="tests.unit.core.test_process_code.TestProcessCodesIntegrity" name="test_no_duplicate_values" time="0.000" /><testcase classname="tests.unit.core.test_process_code.TestProcessCodesIntegrity" name="test_full_range_all_codes" time="0.000" /><testcase classname="tests.unit.core.test_process_code.TestProcessCodesIntegrity" name="test_all_standard_names_present" time="0.000" /><testcase classname="tests.unit.core.test_process_code.TestGetProcessCodeStandard" name="test_standard_process_returns_correct_code[\u539f\u6750\u6599\u51c6\u5907-P01]" time="0.001" /><testcase classname="tests.unit.core.test_process_code.TestGetProcessCodeStandard" name="test_standard_process_returns_correct_code[\u710a\u63a5\u773c\u955c\u7f51-P02]" time="0.000" /><testcase classname="tests.unit.core.test_process_code.TestGetProcessCodeStandard" name="test_standard_process_returns_correct_code[\u6fc0\u5149\u5207\u677f-P03]" time="0.000" /><testcase classname="tests.unit.core.test_process_code.TestGetProcessCodeStandard" name="test_standard_process_returns_correct_code[\u94fe\u677f\u51b2\u538b\u5b54-P04]" time="0.000" /><testcase classname="tests.unit.core.test_process_code.TestGetProcessCodeStandard" name="test_standard_process_returns_correct_code[\u94fe\u677f\u51b2\u538b\u6210\u578b-P05]" time="0.000" /><testcase classname="tests.unit.core.test_process_code.TestGetProcessCodeStandard" name="test_standard_process_returns_correct_code[\u7f16\u5236\u5de6\u65cb-P06]" time="0.000" /><testcase classname="tests.unit.core.test_process_code.TestGetProcessCodeStandard" name="test_standard_process_returns_correct_code[\u7f16\u5236\u53f3\u65cb-P07]" time="0.000" /><testcase classname="tests.unit.core.test_process_code.TestGetProcessCodeStandard" name="test_standard_process_returns_correct_code[\u7a7f\u66f2\u8f74-P08]" time="0.000" /><testcase classname="tests.unit.core.test_process_code.TestGetProcessCodeStandard" name="test_standard_process_returns_correct_code[\u8f93\u9001\u5e26\u7ec4\u88c5\u7a7f\u6746-P09]" time="0.001" /><testcase classname="tests.unit.core.test_process_code.TestGetProcessCodeStandard" name="test_standard_process_returns_correct_code[\u5b89\u88c5\u94fe\u6761-P10]" time="0.000" /><testcase classname="tests.unit.core.test_process_code.TestGetProcessCodeStandard" name="test_standard_process_returns_correct_code[\u5b89\u88c5\u88d9\u8fb9-P11]" time="0.000" /><testcase classname="tests.unit.core.test_process_code.TestGetProcessCodeStandard" name="test_standard_process_returns_correct_code[\u6574\u5f62\u6821\u76f4-P12]" time="0.000" /><testcase classname="tests.unit.core.test_process_code.TestGetProcessCodeStandard" name="test_standard_process_returns_correct_code[\u710a\u63a5\u8f93\u9001\u5e26-P13]" time="0.000" /><testcase classname="tests.unit.core.test_process_code.TestGetProcessCodeStandard" name="test_standard_process_returns_correct_code[\u8868\u9762\u5904\u7406-P14]" time="0.001" /><testcase classname="tests.unit.core.test_process_code.TestGetProcessCodeStandard" name="test_standard_process_returns_correct_code[\u8d28\u91cf\u68c0\u9a8c-P15]" time="0.000" /><testcase classname="tests.unit.core.test_process_code.TestGetProcessCodeStandard" name="test_standard_process_returns_correct_code[\u5305\u88c5\u5165\u5e93-P16]" time="0.001" /><testcase classname="tests.unit.core.test_process_code.TestGetProcessCodeEdgeCases" name="test_empty_string_returns_empty" time="0.000" /><testcase classname="tests.unit.core.test_process_code.TestGetProcessCodeEdgeCases" name="test_none_returns_empty" time="0.000" /><testcase classname="tests.unit.core.test_process_code.TestGetProcessCodeEdgeCases" name="test_whitespace_generates_hash" time="0.000" /><testcase classname="tests.unit.core.test_process_code.TestGetProcessCodeEdgeCases" name="test_non_standard_returns_px_format" time="0.000" /><testcase classname="tests.unit.core.test_process_code.TestGetProcessCodeEdgeCases" name="test_non_standard_is_deterministic" time="0.000" /><testcase classname="tests.unit.core.test_process_code.TestGetProcessCodeEdgeCases" name="test_non_standard_different_names_different_codes" time="0.000" /><testcase classname="tests.unit.core.test_process_code.TestGetProcessCodeEdgeCases" name="test_long_process_name_does_not_crash" time="0.000" /><testcase classname="tests.unit.core.test_process_code.TestGetProcessCodeEdgeCases" name="test_unicode_process_name" time="0.000" /><testcase classname="tests.unit.core.test_process_code.TestGetProcessCodeEdgeCases" name="test_garbage_data" time="0.000" /><testcase classname="tests.unit.core.test_process_code.TestGetProcessCodeEdgeCases" name="test_pure_english_name" time="0.000" /><testcase classname="tests.unit.core.test_process_code.TestGetProcessCodeDeterminism" name="test_same_name_same_result_no_matter_process" time="0.000" /><testcase classname="tests.unit.core.test_process_code.TestGetProcessCodeDeterminism" name="test_px_format_is_always_uppercase" time="0.000" /><testcase classname="tests.unit.core.test_process_code.TestGetProcessCodeDeterminism" name="test_px_code_is_unique_for_each_standard" time="0.000" /><testcase classname="tests.unit.core.test_process_code.TestProcessCodeCompatibility" name="test_code_fits_in_varchar_10" time="0.000" /><testcase classname="tests.unit.core.test_process_code.TestProcessCodeCompatibility" name="test_code_is_ascii" time="0.000" /><testcase classname="tests.unit.core.test_process_code.TestProcessCodeCompatibility" name="test_no_special_sql_chars" time="0.000" /><testcase classname="tests.unit.core.test_process_code.TestHashCorrectness" name="test_known_hash" time="0.000" /><testcase classname="tests.unit.core.test_process_code.TestHashCorrectness" name="test_hash_consistent_with_md5_spec" time="0.000" /></testsuite></testsuites>